# FloodlineAbilitySnapshot v0.1
scenario: drain_no_charges
section: state
ticks: 2
status: InProgress
gravity: Down
activePiece: id=O2 orientation=0 origin=5,19,5
cells: 4
cell: 4,0,5 type=Solid material=STANDARD
cell: 4,0,6 type=Solid material=STANDARD
cell: 5,0,5 type=Solid material=STANDARD
cell: 5,0,6 type=Solid material=STANDARD
