# FloodlineSnapshot v0.1
cellOrder: x,y,z
bounds: 20 20 20
gravity: Down
status: InProgress
ticks: 23
piecesLocked: 0
objectives: 0 allCompleted=false
activePiece: id=I4 orientation=0 origin=10,19,9
cells: 400
cell: 0,18,0 type=Bedrock material=none
cell: 0,18,1 type=Bedrock material=none
cell: 0,18,2 type=Bedrock material=none
cell: 0,18,3 type=Bedrock material=none
cell: 0,18,4 type=Bedrock material=none
cell: 0,18,5 type=Bedrock material=none
cell: 0,18,6 type=Bedrock material=none
cell: 0,18,7 type=Bedrock material=none
cell: 0,18,8 type=Bedrock material=none
cell: 0,18,9 type=Bedrock material=none
cell: 0,18,10 type=Bedrock material=none
cell: 0,18,11 type=Bedrock material=none
cell: 0,18,12 type=Bedrock material=none
cell: 0,18,13 type=Bedrock material=none
cell: 0,18,14 type=Bedrock material=none
cell: 0,18,15 type=Bedrock material=none
cell: 0,18,16 type=Bedrock material=none
cell: 0,18,17 type=Bedrock material=none
cell: 0,18,18 type=Bedrock material=none
cell: 0,18,19 type=Bedrock material=none
cell: 1,18,0 type=Bedrock material=none
cell: 1,18,1 type=Bedrock material=none
cell: 1,18,2 type=Bedrock material=none
cell: 1,18,3 type=Bedrock material=none
cell: 1,18,4 type=Bedrock material=none
cell: 1,18,5 type=Bedrock material=none
cell: 1,18,6 type=Bedrock material=none
cell: 1,18,7 type=Bedrock material=none
cell: 1,18,8 type=Bedrock material=none
cell: 1,18,9 type=Bedrock material=none
cell: 1,18,10 type=Bedrock material=none
cell: 1,18,11 type=Bedrock material=none
cell: 1,18,12 type=Bedrock material=none
cell: 1,18,13 type=Bedrock material=none
cell: 1,18,14 type=Bedrock material=none
cell: 1,18,15 type=Bedrock material=none
cell: 1,18,16 type=Bedrock material=none
cell: 1,18,17 type=Bedrock material=none
cell: 1,18,18 type=Bedrock material=none
cell: 1,18,19 type=Bedrock material=none
cell: 2,18,0 type=Bedrock material=none
cell: 2,18,1 type=Bedrock material=none
cell: 2,18,2 type=Bedrock material=none
cell: 2,18,3 type=Bedrock material=none
cell: 2,18,4 type=Bedrock material=none
cell: 2,18,5 type=Bedrock material=none
cell: 2,18,6 type=Bedrock material=none
cell: 2,18,7 type=Bedrock material=none
cell: 2,18,8 type=Bedrock material=none
cell: 2,18,9 type=Bedrock material=none
cell: 2,18,10 type=Bedrock material=none
cell: 2,18,11 type=Bedrock material=none
cell: 2,18,12 type=Bedrock material=none
cell: 2,18,13 type=Bedrock material=none
cell: 2,18,14 type=Bedrock material=none
cell: 2,18,15 type=Bedrock material=none
cell: 2,18,16 type=Bedrock material=none
cell: 2,18,17 type=Bedrock material=none
cell: 2,18,18 type=Bedrock material=none
cell: 2,18,19 type=Bedrock material=none
cell: 3,18,0 type=Bedrock material=none
cell: 3,18,1 type=Bedrock material=none
cell: 3,18,2 type=Bedrock material=none
cell: 3,18,3 type=Bedrock material=none
cell: 3,18,4 type=Bedrock material=none
cell: 3,18,5 type=Bedrock material=none
cell: 3,18,6 type=Bedrock material=none
cell: 3,18,7 type=Bedrock material=none
cell: 3,18,8 type=Bedrock material=none
cell: 3,18,9 type=Bedrock material=none
cell: 3,18,10 type=Bedrock material=none
cell: 3,18,11 type=Bedrock material=none
cell: 3,18,12 type=Bedrock material=none
cell: 3,18,13 type=Bedrock material=none
cell: 3,18,14 type=Bedrock material=none
cell: 3,18,15 type=Bedrock material=none
cell: 3,18,16 type=Bedrock material=none
cell: 3,18,17 type=Bedrock material=none
cell: 3,18,18 type=Bedrock material=none
cell: 3,18,19 type=Bedrock material=none
cell: 4,18,0 type=Bedrock material=none
cell: 4,18,1 type=Bedrock material=none
cell: 4,18,2 type=Bedrock material=none
cell: 4,18,3 type=Bedrock material=none
cell: 4,18,4 type=Bedrock material=none
cell: 4,18,5 type=Bedrock material=none
cell: 4,18,6 type=Bedrock material=none
cell: 4,18,7 type=Bedrock material=none
cell: 4,18,8 type=Bedrock material=none
cell: 4,18,9 type=Bedrock material=none
cell: 4,18,10 type=Bedrock material=none
cell: 4,18,11 type=Bedrock material=none
cell: 4,18,12 type=Bedrock material=none
cell: 4,18,13 type=Bedrock material=none
cell: 4,18,14 type=Bedrock material=none
cell: 4,18,15 type=Bedrock material=none
cell: 4,18,16 type=Bedrock material=none
cell: 4,18,17 type=Bedrock material=none
cell: 4,18,18 type=Bedrock material=none
cell: 4,18,19 type=Bedrock material=none
cell: 5,18,0 type=Bedrock material=none
cell: 5,18,1 type=Bedrock material=none
cell: 5,18,2 type=Bedrock material=none
cell: 5,18,3 type=Bedrock material=none
cell: 5,18,4 type=Bedrock material=none
cell: 5,18,5 type=Bedrock material=none
cell: 5,18,6 type=Bedrock material=none
cell: 5,18,7 type=Bedrock material=none
cell: 5,18,8 type=Bedrock material=none
cell: 5,18,9 type=Bedrock material=none
cell: 5,18,10 type=Bedrock material=none
cell: 5,18,11 type=Bedrock material=none
cell: 5,18,12 type=Bedrock material=none
cell: 5,18,13 type=Bedrock material=none
cell: 5,18,14 type=Bedrock material=none
cell: 5,18,15 type=Bedrock material=none
cell: 5,18,16 type=Bedrock material=none
cell: 5,18,17 type=Bedrock material=none
cell: 5,18,18 type=Bedrock material=none
cell: 5,18,19 type=Bedrock material=none
cell: 6,18,0 type=Bedrock material=none
cell: 6,18,1 type=Bedrock material=none
cell: 6,18,2 type=Bedrock material=none
cell: 6,18,3 type=Bedrock material=none
cell: 6,18,4 type=Bedrock material=none
cell: 6,18,5 type=Bedrock material=none
cell: 6,18,6 type=Bedrock material=none
cell: 6,18,7 type=Bedrock material=none
cell: 6,18,8 type=Bedrock material=none
cell: 6,18,9 type=Bedrock material=none
cell: 6,18,10 type=Bedrock material=none
cell: 6,18,11 type=Bedrock material=none
cell: 6,18,12 type=Bedrock material=none
cell: 6,18,13 type=Bedrock material=none
cell: 6,18,14 type=Bedrock material=none
cell: 6,18,15 type=Bedrock material=none
cell: 6,18,16 type=Bedrock material=none
cell: 6,18,17 type=Bedrock material=none
cell: 6,18,18 type=Bedrock material=none
cell: 6,18,19 type=Bedrock material=none
cell: 7,18,0 type=Bedrock material=none
cell: 7,18,1 type=Bedrock material=none
cell: 7,18,2 type=Bedrock material=none
cell: 7,18,3 type=Bedrock material=none
cell: 7,18,4 type=Bedrock material=none
cell: 7,18,5 type=Bedrock material=none
cell: 7,18,6 type=Bedrock material=none
cell: 7,18,7 type=Bedrock material=none
cell: 7,18,8 type=Bedrock material=none
cell: 7,18,9 type=Bedrock material=none
cell: 7,18,10 type=Bedrock material=none
cell: 7,18,11 type=Bedrock material=none
cell: 7,18,12 type=Bedrock material=none
cell: 7,18,13 type=Bedrock material=none
cell: 7,18,14 type=Bedrock material=none
cell: 7,18,15 type=Bedrock material=none
cell: 7,18,16 type=Bedrock material=none
cell: 7,18,17 type=Bedrock material=none
cell: 7,18,18 type=Bedrock material=none
cell: 7,18,19 type=Bedrock material=none
cell: 8,18,0 type=Bedrock material=none
cell: 8,18,1 type=Bedrock material=none
cell: 8,18,2 type=Bedrock material=none
cell: 8,18,3 type=Bedrock material=none
cell: 8,18,4 type=Bedrock material=none
cell: 8,18,5 type=Bedrock material=none
cell: 8,18,6 type=Bedrock material=none
cell: 8,18,7 type=Bedrock material=none
cell: 8,18,8 type=Bedrock material=none
cell: 8,18,9 type=Bedrock material=none
cell: 8,18,10 type=Bedrock material=none
cell: 8,18,11 type=Bedrock material=none
cell: 8,18,12 type=Bedrock material=none
cell: 8,18,13 type=Bedrock material=none
cell: 8,18,14 type=Bedrock material=none
cell: 8,18,15 type=Bedrock material=none
cell: 8,18,16 type=Bedrock material=none
cell: 8,18,17 type=Bedrock material=none
cell: 8,18,18 type=Bedrock material=none
cell: 8,18,19 type=Bedrock material=none
cell: 9,18,0 type=Bedrock material=none
cell: 9,18,1 type=Bedrock material=none
cell: 9,18,2 type=Bedrock material=none
cell: 9,18,3 type=Bedrock material=none
cell: 9,18,4 type=Bedrock material=none
cell: 9,18,5 type=Bedrock material=none
cell: 9,18,6 type=Bedrock material=none
cell: 9,18,7 type=Bedrock material=none
cell: 9,18,8 type=Bedrock material=none
cell: 9,18,9 type=Bedrock material=none
cell: 9,18,10 type=Bedrock material=none
cell: 9,18,11 type=Bedrock material=none
cell: 9,18,12 type=Bedrock material=none
cell: 9,18,13 type=Bedrock material=none
cell: 9,18,14 type=Bedrock material=none
cell: 9,18,15 type=Bedrock material=none
cell: 9,18,16 type=Bedrock material=none
cell: 9,18,17 type=Bedrock material=none
cell: 9,18,18 type=Bedrock material=none
cell: 9,18,19 type=Bedrock material=none
cell: 10,18,0 type=Bedrock material=none
cell: 10,18,1 type=Bedrock material=none
cell: 10,18,2 type=Bedrock material=none
cell: 10,18,3 type=Bedrock material=none
cell: 10,18,4 type=Bedrock material=none
cell: 10,18,5 type=Bedrock material=none
cell: 10,18,6 type=Bedrock material=none
cell: 10,18,7 type=Bedrock material=none
cell: 10,18,8 type=Bedrock material=none
cell: 10,18,9 type=Bedrock material=none
cell: 10,18,10 type=Bedrock material=none
cell: 10,18,11 type=Bedrock material=none
cell: 10,18,12 type=Bedrock material=none
cell: 10,18,13 type=Bedrock material=none
cell: 10,18,14 type=Bedrock material=none
cell: 10,18,15 type=Bedrock material=none
cell: 10,18,16 type=Bedrock material=none
cell: 10,18,17 type=Bedrock material=none
cell: 10,18,18 type=Bedrock material=none
cell: 10,18,19 type=Bedrock material=none
cell: 11,18,0 type=Bedrock material=none
cell: 11,18,1 type=Bedrock material=none
cell: 11,18,2 type=Bedrock material=none
cell: 11,18,3 type=Bedrock material=none
cell: 11,18,4 type=Bedrock material=none
cell: 11,18,5 type=Bedrock material=none
cell: 11,18,6 type=Bedrock material=none
cell: 11,18,7 type=Bedrock material=none
cell: 11,18,8 type=Bedrock material=none
cell: 11,18,9 type=Bedrock material=none
cell: 11,18,10 type=Bedrock material=none
cell: 11,18,11 type=Bedrock material=none
cell: 11,18,12 type=Bedrock material=none
cell: 11,18,13 type=Bedrock material=none
cell: 11,18,14 type=Bedrock material=none
cell: 11,18,15 type=Bedrock material=none
cell: 11,18,16 type=Bedrock material=none
cell: 11,18,17 type=Bedrock material=none
cell: 11,18,18 type=Bedrock material=none
cell: 11,18,19 type=Bedrock material=none
cell: 12,18,0 type=Bedrock material=none
cell: 12,18,1 type=Bedrock material=none
cell: 12,18,2 type=Bedrock material=none
cell: 12,18,3 type=Bedrock material=none
cell: 12,18,4 type=Bedrock material=none
cell: 12,18,5 type=Bedrock material=none
cell: 12,18,6 type=Bedrock material=none
cell: 12,18,7 type=Bedrock material=none
cell: 12,18,8 type=Bedrock material=none
cell: 12,18,9 type=Bedrock material=none
cell: 12,18,10 type=Bedrock material=none
cell: 12,18,11 type=Bedrock material=none
cell: 12,18,12 type=Bedrock material=none
cell: 12,18,13 type=Bedrock material=none
cell: 12,18,14 type=Bedrock material=none
cell: 12,18,15 type=Bedrock material=none
cell: 12,18,16 type=Bedrock material=none
cell: 12,18,17 type=Bedrock material=none
cell: 12,18,18 type=Bedrock material=none
cell: 12,18,19 type=Bedrock material=none
cell: 13,18,0 type=Bedrock material=none
cell: 13,18,1 type=Bedrock material=none
cell: 13,18,2 type=Bedrock material=none
cell: 13,18,3 type=Bedrock material=none
cell: 13,18,4 type=Bedrock material=none
cell: 13,18,5 type=Bedrock material=none
cell: 13,18,6 type=Bedrock material=none
cell: 13,18,7 type=Bedrock material=none
cell: 13,18,8 type=Bedrock material=none
cell: 13,18,9 type=Bedrock material=none
cell: 13,18,10 type=Bedrock material=none
cell: 13,18,11 type=Bedrock material=none
cell: 13,18,12 type=Bedrock material=none
cell: 13,18,13 type=Bedrock material=none
cell: 13,18,14 type=Bedrock material=none
cell: 13,18,15 type=Bedrock material=none
cell: 13,18,16 type=Bedrock material=none
cell: 13,18,17 type=Bedrock material=none
cell: 13,18,18 type=Bedrock material=none
cell: 13,18,19 type=Bedrock material=none
cell: 14,18,0 type=Bedrock material=none
cell: 14,18,1 type=Bedrock material=none
cell: 14,18,2 type=Bedrock material=none
cell: 14,18,3 type=Bedrock material=none
cell: 14,18,4 type=Bedrock material=none
cell: 14,18,5 type=Bedrock material=none
cell: 14,18,6 type=Bedrock material=none
cell: 14,18,7 type=Bedrock material=none
cell: 14,18,8 type=Bedrock material=none
cell: 14,18,9 type=Bedrock material=none
cell: 14,18,10 type=Bedrock material=none
cell: 14,18,11 type=Bedrock material=none
cell: 14,18,12 type=Bedrock material=none
cell: 14,18,13 type=Bedrock material=none
cell: 14,18,14 type=Bedrock material=none
cell: 14,18,15 type=Bedrock material=none
cell: 14,18,16 type=Bedrock material=none
cell: 14,18,17 type=Bedrock material=none
cell: 14,18,18 type=Bedrock material=none
cell: 14,18,19 type=Bedrock material=none
cell: 15,18,0 type=Bedrock material=none
cell: 15,18,1 type=Bedrock material=none
cell: 15,18,2 type=Bedrock material=none
cell: 15,18,3 type=Bedrock material=none
cell: 15,18,4 type=Bedrock material=none
cell: 15,18,5 type=Bedrock material=none
cell: 15,18,6 type=Bedrock material=none
cell: 15,18,7 type=Bedrock material=none
cell: 15,18,8 type=Bedrock material=none
cell: 15,18,9 type=Bedrock material=none
cell: 15,18,10 type=Bedrock material=none
cell: 15,18,11 type=Bedrock material=none
cell: 15,18,12 type=Bedrock material=none
cell: 15,18,13 type=Bedrock material=none
cell: 15,18,14 type=Bedrock material=none
cell: 15,18,15 type=Bedrock material=none
cell: 15,18,16 type=Bedrock material=none
cell: 15,18,17 type=Bedrock material=none
cell: 15,18,18 type=Bedrock material=none
cell: 15,18,19 type=Bedrock material=none
cell: 16,18,0 type=Bedrock material=none
cell: 16,18,1 type=Bedrock material=none
cell: 16,18,2 type=Bedrock material=none
cell: 16,18,3 type=Bedrock material=none
cell: 16,18,4 type=Bedrock material=none
cell: 16,18,5 type=Bedrock material=none
cell: 16,18,6 type=Bedrock material=none
cell: 16,18,7 type=Bedrock material=none
cell: 16,18,8 type=Bedrock material=none
cell: 16,18,9 type=Bedrock material=none
cell: 16,18,10 type=Bedrock material=none
cell: 16,18,11 type=Bedrock material=none
cell: 16,18,12 type=Bedrock material=none
cell: 16,18,13 type=Bedrock material=none
cell: 16,18,14 type=Bedrock material=none
cell: 16,18,15 type=Bedrock material=none
cell: 16,18,16 type=Bedrock material=none
cell: 16,18,17 type=Bedrock material=none
cell: 16,18,18 type=Bedrock material=none
cell: 16,18,19 type=Bedrock material=none
cell: 17,18,0 type=Bedrock material=none
cell: 17,18,1 type=Bedrock material=none
cell: 17,18,2 type=Bedrock material=none
cell: 17,18,3 type=Bedrock material=none
cell: 17,18,4 type=Bedrock material=none
cell: 17,18,5 type=Bedrock material=none
cell: 17,18,6 type=Bedrock material=none
cell: 17,18,7 type=Bedrock material=none
cell: 17,18,8 type=Bedrock material=none
cell: 17,18,9 type=Bedrock material=none
cell: 17,18,10 type=Bedrock material=none
cell: 17,18,11 type=Bedrock material=none
cell: 17,18,12 type=Bedrock material=none
cell: 17,18,13 type=Bedrock material=none
cell: 17,18,14 type=Bedrock material=none
cell: 17,18,15 type=Bedrock material=none
cell: 17,18,16 type=Bedrock material=none
cell: 17,18,17 type=Bedrock material=none
cell: 17,18,18 type=Bedrock material=none
cell: 17,18,19 type=Bedrock material=none
cell: 18,18,0 type=Bedrock material=none
cell: 18,18,1 type=Bedrock material=none
cell: 18,18,2 type=Bedrock material=none
cell: 18,18,3 type=Bedrock material=none
cell: 18,18,4 type=Bedrock material=none
cell: 18,18,5 type=Bedrock material=none
cell: 18,18,6 type=Bedrock material=none
cell: 18,18,7 type=Bedrock material=none
cell: 18,18,8 type=Bedrock material=none
cell: 18,18,9 type=Bedrock material=none
cell: 18,18,10 type=Bedrock material=none
cell: 18,18,11 type=Bedrock material=none
cell: 18,18,12 type=Bedrock material=none
cell: 18,18,13 type=Bedrock material=none
cell: 18,18,14 type=Bedrock material=none
cell: 18,18,15 type=Bedrock material=none
cell: 18,18,16 type=Bedrock material=none
cell: 18,18,17 type=Bedrock material=none
cell: 18,18,18 type=Bedrock material=none
cell: 18,18,19 type=Bedrock material=none
cell: 19,18,0 type=Bedrock material=none
cell: 19,18,1 type=Bedrock material=none
cell: 19,18,2 type=Bedrock material=none
cell: 19,18,3 type=Bedrock material=none
cell: 19,18,4 type=Bedrock material=none
cell: 19,18,5 type=Bedrock material=none
cell: 19,18,6 type=Bedrock material=none
cell: 19,18,7 type=Bedrock material=none
cell: 19,18,8 type=Bedrock material=none
cell: 19,18,9 type=Bedrock material=none
cell: 19,18,10 type=Bedrock material=none
cell: 19,18,11 type=Bedrock material=none
cell: 19,18,12 type=Bedrock material=none
cell: 19,18,13 type=Bedrock material=none
cell: 19,18,14 type=Bedrock material=none
cell: 19,18,15 type=Bedrock material=none
cell: 19,18,16 type=Bedrock material=none
cell: 19,18,17 type=Bedrock material=none
cell: 19,18,18 type=Bedrock material=none
cell: 19,18,19 type=Bedrock material=none
